#-----------------------------------------------------------
# Vivado v2025.2 (64-bit)
# SW Build 6299465 on Fri Nov 14 19:35:11 GMT 2025
# IP Build 6300035 on Fri Nov 14 10:48:45 MST 2025
# SharedData Build 6298862 on Thu Nov 13 04:50:51 MST 2025
# Start of session at: Sat Jul 18 15:39:17 2026
# Process ID         : 25620
# Current directory  : C:/Users/stega/Desktop/vibeFPGA/example1_wave_read_v7/example1_wave_read_v3/example1_wave_read_v1.runs/impl_1
# Command line       : vivado.exe -log zynq_system_wrapper.vdi -applog -product Vivado -messageDb vivado.pb -mode batch -source zynq_system_wrapper.tcl -notrace
# Log file           : C:/Users/stega/Desktop/vibeFPGA/example1_wave_read_v7/example1_wave_read_v3/example1_wave_read_v1.runs/impl_1/zynq_system_wrapper.vdi
# Journal file       : C:/Users/stega/Desktop/vibeFPGA/example1_wave_read_v7/example1_wave_read_v3/example1_wave_read_v1.runs/impl_1\vivado.jou
# Running On         : ayamimori
# Platform           : Windows Server 2016 or Windows 10
# Operating System   : 26200
# Processor Detail   : AMD Ryzen 7 7745HX with Radeon Graphics        
# CPU Frequency      : 3593 MHz
# CPU Physical cores : 8
# CPU Logical cores  : 16
# Host memory        : 16295 MB
# Swap memory        : 25769 MB
# Total Virtual      : 42065 MB
# Available Virtual  : 6398 MB
#-----------------------------------------------------------
source zynq_system_wrapper.tcl -notrace
